// Jest Snapshot v1, https://goo.gl/fbAQLP

exports[`Pruebas en RegisterScreen Debe mostrarse correctamente 1`] = `
Array [
  <h3
    className="auth__title"
  >
    Create an account
  </h3>,
  <form
    className="animate__animated animate__fadeIn"
    onSubmit={[Function]}
  >
    <input
      autoComplete="off"
      className="auth__input"
      name="name"
      onChange={[Function]}
      placeholder="Name"
      type="text"
      value="Victor"
    />
    <input
      autoComplete="off"
      className="auth__input"
      name="email"
      onChange={[Function]}
      placeholder="Email"
      type="text"
      value="nando@gmail.com"
    />
    <input
      className="auth__input"
      name="password"
      onChange={[Function]}
      placeholder="Password"
      type="password"
      value="123456"
    />
    <input
      className="auth__input"
      name="confirmPassword"
      onChange={[Function]}
      placeholder="Repeat password"
      type="password"
      value="123456"
    />
    <button
      className="btn btn-primary btn-block mb-5"
      type="submit"
    >
      Sign up
    </button>
    <a
      className="link"
      href="/auth/login"
      onClick={[Function]}
    >
      Login instead
    </a>
  </form>,
]
`;
