// Jest Snapshot v1, https://goo.gl/fbAQLP

exports[`Pruebas en AppRouter Debe de mostrarse correctamente 1`] = `
<div>
  <nav
    className="navbar navbar-expand-lg navbar-dark bg-primary"
  >
    <div
      className="container-fluid"
    >
      <a
        className="navbar-brand"
        href="/"
        onClick={[Function]}
      >
        useContext
      </a>
      <div
        className="navbar-collapse"
        id="navbarNav"
      >
        <ul
          className="navbar-nav"
        >
          <li
            className="nav-item"
          >
            <a
              aria-current="page"
              className="nav-link active"
              href="/"
              onClick={[Function]}
            >
              Home
            </a>
          </li>
          <li
            className="nav-item"
          >
            <a
              className="nav-link"
              href="/about"
              onClick={[Function]}
            >
              About
            </a>
          </li>
          <li
            className="nav-item"
          >
            <a
              className="nav-link"
              href="/login"
              onClick={[Function]}
            >
              Login
            </a>
          </li>
        </ul>
      </div>
    </div>
  </nav>
  <div
    className="container"
  >
    <div>
      <h1>
        Home page
      </h1>
      <hr />
      <pre>
        {
   "id": 1234,
   "name": "Victor",
   "email": "vijagama@outlook.es"
}
      </pre>
    </div>
  </div>
</div>
`;
