// Jest Snapshot v1, https://goo.gl/fbAQLP

exports[`Pruebas en HomePage Debe mostrarse correctamente 1`] = `
<div>
  <h1>
    Home page
  </h1>
  <hr />
  <pre>
    {
   "name": "Victor",
   "email": "vijagama@outlook.es"
}
  </pre>
</div>
`;
