// Jest Snapshot v1, https://goo.gl/fbAQLP

exports[`Pruebas en HooksApp Debe empatar con el snapshot 1`] = `
<div>
  <h1>
    Hola mundo
  </h1>
</div>
`;
