// Jest Snapshot v1, https://goo.gl/fbAQLP

exports[`Pruebas en LoginPage Debe de mostrarse correctamente 1`] = `
<div>
  <h1>
    Login page
  </h1>
  <hr />
  <button
    className="btn btn-primary"
    onClick={[Function]}
  >
    Login
  </button>
</div>
`;
