// Jest Snapshot v1, https://goo.gl/fbAQLP

exports[`Pruebas en RealExampleRef Debe mostrarse correctamente 1`] = `
<div>
  <h1>
    Real example
  </h1>
  <hr />
  <button
    className="btn btn-primary mt-3"
    onClick={[Function]}
  >
    Show/Hide
  </button>
</div>
`;
