// Jest Snapshot v1, https://goo.gl/fbAQLP

exports[`Pruebas en TodoListItem Debe mostrarse correctamente 1`] = `
<ul
  className="list-group list-group-flush"
>
  <TodoListItem
    buttonOnClick={[MockFunction]}
    i={0}
    key="1"
    pOnClick={[MockFunction]}
    todo={
      Object {
        "desc": "Aprender React",
        "done": false,
        "id": 1,
      }
    }
  />
  <TodoListItem
    buttonOnClick={[MockFunction]}
    i={1}
    key="2"
    pOnClick={[MockFunction]}
    todo={
      Object {
        "desc": "Aprender Mongo",
        "done": false,
        "id": 2,
      }
    }
  />
</ul>
`;
